comm_handler.h:23:5:analyzeCommand	56	static
comm_handler.h:67:6:digital	16	static
main.c:104:5:main	24	static
main.c:194:6:SystemClock_Config	88	static
main.c:234:13:MX_I2C1_Init	8	static
main.c:268:13:MX_USART2_UART_Init	8	static
main.c:299:13:MX_DMA_Init	16	static
main.c:320:13:MX_GPIO_Init	40	static
main.c:348:6:HAL_UART_RxCpltCallback	24	static
main.c:372:6:transmit	88	static
main.c:382:6:digitalRead	24	static
main.c:412:6:StartTask01	24	static
main.c:442:6:StartTask02	24	static
main.c:467:6:HAL_TIM_PeriodElapsedCallback	16	static
main.c:484:6:Error_Handler	4	static,ignoring_inline_asm
